// Jest Snapshot v1, https://goo.gl/fbAQLP

exports[`Test Collapsible Form should render correctly 1`] = `
<div>
  <div
    class="collapsible-content opened"
  >
    <div
      class="collapsible-content-header undefined"
    >
      <div
        class="header-content"
      >
        <h2
          class="number"
        >
          No: 
          1
        </h2>
        <h2
          class="dateTime"
        >
          Date & Time: 
          2023-11-11
        </h2>
        <h2
          class="status"
        >
          Status: 
          New
        </h2>
      </div>
      <div
        class="expand-icon"
      >
        <span>
          â–²
        </span>
      </div>
    </div>
    <div
      class="collapsible-content-background"
    >
      <div
        class="collapsible-content-details"
      >
        <div
          class="personal-details undefined"
        >
          <h2>
            PERSONAL DETAILS
          </h2>
          <div
            class="row"
          >
            <div
              class="col-md-6"
            >
              <div
                class="ant-descriptions ant-descriptions-bordered css-dev-only-do-not-override-42nv3w"
              >
                <div
                  class="ant-descriptions-view"
                >
                  <table>
                    <tbody>
                      <tr
                        class="ant-descriptions-row"
                      >
                        <th
                          class="ant-descriptions-item-label"
                          colspan="1"
                        >
                          <span>
                            Name
                          </span>
                        </th>
                        <td
                          class="ant-descriptions-item-content"
                          colspan="1"
                        >
                          <span>
                            <span
                              class="personal-details-info"
                            >
                              Luffy Gear 5 Sun God Nika
                            </span>
                          </span>
                        </td>
                      </tr>
                      <tr
                        class="ant-descriptions-row"
                      >
                        <th
                          class="ant-descriptions-item-label"
                          colspan="1"
                        >
                          <span>
                            Email
                          </span>
                        </th>
                        <td
                          class="ant-descriptions-item-content"
                          colspan="1"
                        >
                          <span>
                            <span
                              class="personal-details-info"
                            >
                              luffynika@example.com
                            </span>
                          </span>
                        </td>
                      </tr>
                    </tbody>
                  </table>
                </div>
              </div>
            </div>
          </div>
        </div>
        <div
          class="sentence-details"
        >
          <h2>
            TEXT/ SENTENCE
          </h2>
          <div
            class="sentence-details-content"
          >
            <p>
              anak ku bodoh
            </p>
          </div>
        </div>
      </div>
      <div
        class="collapsible-content-footer"
      >
        <div
          class="content-left undefined"
        >
          <h2>
            VIDEO DETAILS
          </h2>
          <div
            class="row"
          >
            <div
              class="col-md-6"
            >
              <div
                class="ant-descriptions ant-descriptions-bordered css-dev-only-do-not-override-42nv3w"
              >
                <div
                  class="ant-descriptions-view"
                >
                  <table>
                    <tbody>
                      <tr
                        class="ant-descriptions-row"
                      >
                        <th
                          class="ant-descriptions-item-label"
                          colspan="1"
                        >
                          <span>
                            Demonstration Video
                          </span>
                        </th>
                        <th
                          class="ant-descriptions-item-label"
                          colspan="2"
                        >
                          <span>
                            Avatar Video
                          </span>
                        </th>
                      </tr>
                      <tr
                        class="ant-descriptions-row"
                      >
                        <td
                          class="ant-descriptions-item-content"
                          colspan="1"
                        >
                          <span>
                            <span
                              class="video-details-info"
                            >
                              testing123.mp4
                            </span>
                          </span>
                        </td>
                        <td
                          class="ant-descriptions-item-content"
                          colspan="2"
                        >
                          <span>
                            <span
                              class="video-details-info"
                            />
                          </span>
                        </td>
                      </tr>
                    </tbody>
                  </table>
                </div>
              </div>
            </div>
          </div>
        </div>
        <div
          class="buttons-right"
        >
          <div
            class="button-container"
          >
            <button
              class="btn btn--accept btn--large"
              type="button"
            >
              Accept
            </button>
          </div>
        </div>
      </div>
    </div>
  </div>
</div>
`;
